// Jest Snapshot v1, https://goo.gl/fbAQLP

exports[`<Dashboard/> Snapshot Test renders correctly 1`] = `
<form>
  <label>
    Title:
    <br />
    <input
      id="title"
      type="text"
    />
  </label>
  <br />
  <label>
    Notes:
    <br />
    <input
      id="content"
      type="text"
    />
  </label>
  <input
    type="submit"
  />
</form>
`;
